:q to quit

Microsoft Windows [Version 10.0.18363.1916]
(c) 2019 Microsoft Corporation. All rights reserved.

C:\Users\hp\Desktop\repos>mkdir firstgit

C:\Users\hp\Desktop\repos>mkdir firstgitrepo

C:\Users\hp\Desktop\repos>cd firstgitrepo

C:\Users\hp\Desktop\repos\firstgitrepo>git init
Initialized empty Git repository in C:/Users/hp/Desktop/repos/firstgitrepo/.git/

C:\Users\hp\Desktop\repos\firstgitrepo>ls .git
'ls' is not recognized as an internal or external command,
operable program or batch file.

C:\Users\hp\Desktop\repos\firstgitrepo>vi index.html
'vi' is not recognized as an internal or external command,
operable program or batch file.

C:\Users\hp\Desktop\repos\firstgitrepo>git status
On branch master

No commits yet

Untracked files:
  (use "git add <file>..." to include in what will be committed)
        abc.html

nothing added to commit but untracked files present (use "git add" to track)

C:\Users\hp\Desktop\repos\firstgitrepo>git add index.html
fatal: pathspec 'index.html' did not match any files

C:\Users\hp\Desktop\repos\firstgitrepo>git add .

C:\Users\hp\Desktop\repos\firstgitrepo>git status
On branch master

No commits yet

Changes to be committed:
  (use "git rm --cached <file>..." to unstage)
        new file:   abc.html


C:\Users\hp\Desktop\repos\firstgitrepo>git commit -m "initial version"
Author identity unknown

*** Please tell me who you are.

Run

  git config --global user.email "you@example.com"
  git config --global user.name "Your Name"

to set your account's default identity.
Omit --global to set the identity only in this repository.

fatal: unable to auto-detect email address (got 'hp@DESKTOP-OJ7KO5B.(none)')

C:\Users\hp\Desktop\repos\firstgitrepo>git config --global user.name "Raveena Verma"

C:\Users\hp\Desktop\repos\firstgitrepo>git commit -m "initial version"
Author identity unknown

*** Please tell me who you are.

Run

  git config --global user.email "you@example.com"
  git config --global user.name "Your Name"

to set your account's default identity.
Omit --global to set the identity only in this repository.

fatal: unable to auto-detect email address (got 'hp@DESKTOP-OJ7KO5B.(none)')

C:\Users\hp\Desktop\repos\firstgitrepo>git config --global user.email "Raveenaverma761@gmail.com"

C:\Users\hp\Desktop\repos\firstgitrepo>git commit -m "initial version"
[master (root-commit) d84b925] initial version
 1 file changed, 5 insertions(+)
 create mode 100644 abc.html

C:\Users\hp\Desktop\repos\firstgitrepo>git status
On branch master
nothing to commit, working tree clean

C:\Users\hp\Desktop\repos\firstgitrepo>git log
commit d84b9251363a428022b2a9938361de7e3cd8dd70 (HEAD -> master)
Author: Raveena Verma <Raveenaverma761@gmail.com>
Date:   Thu Dec 2 00:58:31 2021 +0530

    initial version

C:\Users\hp\Desktop\repos\firstgitrepo>git status
On branch master
Changes not staged for commit:
  (use "git add <file>..." to update what will be committed)
  (use "git restore <file>..." to discard changes in working directory)
        modified:   abc.html

no changes added to commit (use "git add" and/or "git commit -a")

C:\Users\hp\Desktop\repos\firstgitrepo>git commit -m "completed first file"
On branch master
Changes not staged for commit:
  (use "git add <file>..." to update what will be committed)
  (use "git restore <file>..." to discard changes in working directory)
        modified:   abc.html

no changes added to commit (use "git add" and/or "git commit -a")

C:\Users\hp\Desktop\repos\firstgitrepo>git add .

C:\Users\hp\Desktop\repos\firstgitrepo>git commit -m "completed first file"
[master a1f4f29] completed first file
 1 file changed, 1 insertion(+), 1 deletion(-)

C:\Users\hp\Desktop\repos\firstgitrepo>git status
On branch master
nothing to commit, working tree clean

C:\Users\hp\Desktop\repos\firstgitrepo>git log
commit a1f4f29b21cacb9f86de0f510a61b3adb621c89a (HEAD -> master)
Author: Raveena Verma <Raveenaverma761@gmail.com>
Date:   Thu Dec 2 01:06:15 2021 +0530

    completed first file

commit d84b9251363a428022b2a9938361de7e3cd8dd70
Author: Raveena Verma <Raveenaverma761@gmail.com>
Date:   Thu Dec 2 00:58:31 2021 +0530

    initial version

C:\Users\hp\Desktop\repos\firstgitrepo>git diff a1f4f29b21cacb9f86de0f510a61b3adb621c89a d84b9251363a428022b2a9938361de7e3cd8dd70
diff --git a/abc.html b/abc.html
index 78c9eee..f988ee5 100644
--- a/abc.html
+++ b/abc.html
@@ -1,5 +1,5 @@
 <html>
 <body>
-<h1>Git testing</h1>
+<h1>abc</h1>
 </body>
 </html>
\ No newline at end of file

C:\Users\hp\Desktop\repos\firstgitrepo>git diff d84b9251363a428022b2a9938361de7e3cd8dd70 a1f4f29b21cacb9f86de0f510a61b3adb621c89a
diff --git a/abc.html b/abc.html
index f988ee5..78c9eee 100644
--- a/abc.html
+++ b/abc.html
@@ -1,5 +1,5 @@
 <html>
 <body>
-<h1>abc</h1>
+<h1>Git testing</h1>
 </body>
 </html>
\ No newline at end of file

C:\Users\hp\Desktop\repos\firstgitrepo>git status
On branch master
nothing to commit, working tree clean

C:\Users\hp\Desktop\repos\firstgitrepo>cat abc.html
'cat' is not recognized as an internal or external command,
operable program or batch file.

C:\Users\hp\Desktop\repos\firstgitrepo>git checkout abc.html
Updated 1 path from the index

C:\Users\hp\Desktop\repos\firstgitrepo>git checkout .
Updated 1 path from the index

C:\Users\hp\Desktop\repos\firstgitrepo>git add .

C:\Users\hp\Desktop\repos\firstgitrepo>git reset head abc.html

C:\Users\hp\Desktop\repos\firstgitrepo>git status
On branch master
nothing to commit, working tree clean

C:\Users\hp\Desktop\repos\firstgitrepo>git status
On branch master
Changes not staged for commit:
  (use "git add <file>..." to update what will be committed)
  (use "git restore <file>..." to discard changes in working directory)
        modified:   abc.html

no changes added to commit (use "git add" and/or "git commit -a")

C:\Users\hp\Desktop\repos\firstgitrepo>git add .

C:\Users\hp\Desktop\repos\firstgitrepo>git reset head abc.html
Unstaged changes after reset:
M       abc.html

C:\Users\hp\Desktop\repos\firstgitrepo>git reset head abc.html
Unstaged changes after reset:
M       abc.html

C:\Users\hp\Desktop\repos\firstgitrepo>git reset head .
Unstaged changes after reset:
M       abc.html

C:\Users\hp\Desktop\repos\firstgitrepo>git checkout .
Updated 1 path from the index

C:\Users\hp\Desktop\repos\firstgitrepo>git reset head abc.html

C:\Users\hp\Desktop\repos\firstgitrepo>git remote add origin https://github.com/Raveena761/firstgitrepo.git

C:\Users\hp\Desktop\repos\firstgitrepo>git remote -v
origin  https://github.com/Raveena761/firstgitrepo.git (fetch)
origin  https://github.com/Raveena761/firstgitrepo.git (push)

C:\Users\hp\Desktop\repos\firstgitrepo>git push -u origin master
info: please complete authentication in your browser...
Enumerating objects: 6, done.
Counting objects: 100% (6/6), done.
Delta compression using up to 4 threads
Compressing objects: 100% (3/3), done.
Writing objects: 100% (6/6), 509 bytes | 9.00 KiB/s, done.
Total 6 (delta 0), reused 0 (delta 0), pack-reused 0
To https://github.com/Raveena761/firstgitrepo.git
 * [new branch]      master -> master
Branch 'master' set up to track remote branch 'master' from 'origin'.

C:\Users\hp\Desktop\repos\firstgitrepo>git add .

C:\Users\hp\Desktop\repos\firstgitrepo>git commit -m "Added second header"
[master 1dacb37] Added second header
 1 file changed, 1 insertion(+)

C:\Users\hp\Desktop\repos\firstgitrepo>git pull
Already up to date.

C:\Users\hp\Desktop\repos\firstgitrepo>git push -u origin master
Enumerating objects: 5, done.
Counting objects: 100% (5/5), done.
Delta compression using up to 4 threads
Compressing objects: 100% (2/2), done.
Writing objects: 100% (3/3), 307 bytes | 51.00 KiB/s, done.
Total 3 (delta 0), reused 0 (delta 0), pack-reused 0
To https://github.com/Raveena761/firstgitrepo.git
   a1f4f29..1dacb37  master -> master
Branch 'master' set up to track remote branch 'master' from 'origin'.

C:\Users\hp\Desktop\repos\firstgitrepo>git pull
remote: Enumerating objects: 5, done.
remote: Counting objects: 100% (5/5), done.
remote: Compressing objects: 100% (2/2), done.
remote: Total 3 (delta 0), reused 0 (delta 0), pack-reused 0
Unpacking objects: 100% (3/3), 723 bytes | 3.00 KiB/s, done.
From https://github.com/Raveena761/firstgitrepo
   1dacb37..87bd55b  master     -> origin/master
Updating 1dacb37..87bd55b
Fast-forward
 abc.html | 3 ++-
 1 file changed, 2 insertions(+), 1 deletion(-)

C:\Users\hp\Desktop\repos\firstgitrepo>git status
On branch master
Your branch is up to date with 'origin/master'.

Changes not staged for commit:
  (use "git add <file>..." to update what will be committed)
  (use "git restore <file>..." to discard changes in working directory)
        modified:   abc.html

Untracked files:
  (use "git add <file>..." to include in what will be committed)
        git commands.txt

no changes added to commit (use "git add" and/or "git commit -a")

C:\Users\hp\Desktop\repos\firstgitrepo>git add .

C:\Users\hp\Desktop\repos\firstgitrepo>git commit -m "Added commands text and updated text"
[master 067161b] Added commands text and updated text
 2 files changed, 268 insertions(+), 1 deletion(-)
 create mode 100644 git commands.txt

C:\Users\hp\Desktop\repos\firstgitrepo>git push -u origin master
To https://github.com/Raveena761/firstgitrepo.git
 ! [rejected]        master -> master (fetch first)
error: failed to push some refs to 'https://github.com/Raveena761/firstgitrepo.git'
hint: Updates were rejected because the remote contains work that you do
hint: not have locally. This is usually caused by another repository pushing
hint: to the same ref. You may want to first integrate the remote changes
hint: (e.g., 'git pull ...') before pushing again.
hint: See the 'Note about fast-forwards' in 'git push --help' for details.

C:\Users\hp\Desktop\repos\firstgitrepo>git pull
remote: Enumerating objects: 5, done.
remote: Counting objects: 100% (5/5), done.
remote: Compressing objects: 100% (2/2), done.
remote: Total 3 (delta 1), reused 0 (delta 0), pack-reused 0
Unpacking objects: 100% (3/3), 668 bytes | 4.00 KiB/s, done.
From https://github.com/Raveena761/firstgitrepo
   87bd55b..d798b47  master     -> origin/master
Auto-merging abc.html
CONFLICT (content): Merge conflict in abc.html
Automatic merge failed; fix conflicts and then commit the result.

C:\Users\hp\Desktop\repos\firstgitrepo>git add .

C:\Users\hp\Desktop\repos\firstgitrepo>git commit -m "Resolved merge conflicts"
[master f647a48] Resolved merge conflicts

C:\Users\hp\Desktop\repos\firstgitrepo>git push -u origin master
Enumerating objects: 9, done.
Counting objects: 100% (9/9), done.
Delta compression using up to 4 threads
Compressing objects: 100% (5/5), done.
Writing objects: 100% (5/5), 2.22 KiB | 757.00 KiB/s, done.
Total 5 (delta 2), reused 0 (delta 0), pack-reused 0
remote: Resolving deltas: 100% (2/2), completed with 1 local object.
To https://github.com/Raveena761/firstgitrepo.git
   d798b47..f647a48  master -> master
Branch 'master' set up to track remote branch 'master' from 'origin'.

C:\Users\hp\Desktop\repos\firstgitrepo>git fetch
remote: Enumerating objects: 5, done.
remote: Counting objects: 100% (5/5), done.
remote: Compressing objects: 100% (3/3), done.
remote: Total 3 (delta 0), reused 0 (delta 0), pack-reused 0
Unpacking objects: 100% (3/3), 781 bytes | 5.00 KiB/s, done.
From https://github.com/Raveena761/firstgitrepo
   f647a48..cece62b  master     -> origin/master

C:\Users\hp\Desktop\repos\firstgitrepo>git pull
Updating f647a48..cece62b
Fast-forward
 abc.html | 1 +
 1 file changed, 1 insertion(+)

C:\Users\hp\Desktop\repos\firstgitrepo>git log
commit cece62bb58a95db99e0e947d980c193605e6be30 (HEAD -> master, origin/master)
Author: Raveena761 <55295440+Raveena761@users.noreply.github.com>
Date:   Thu Dec 2 11:13:51 2021 +0530

    Update abc.html

    random changes

commit f647a4880c01c44f1502fe356c64ca883388d064
Merge: 067161b d798b47
Author: Raveena Verma <Raveenaverma761@gmail.com>
Date:   Thu Dec 2 11:11:11 2021 +0530

    Resolved merge conflicts

commit d798b47e7b89335e4126fba84d33c6e4592c90ec
Author: Raveena761 <55295440+Raveena761@users.noreply.github.com>
Date:   Thu Dec 2 11:08:29 2021 +0530

    Update abc.html

    updated header 1

commit 067161b04eaace12c06c9db707deaae34ad81cb1
Author: Raveena Verma <Raveenaverma761@gmail.com>
commit cece62bb58a95db99e0e947d980c193605e6be30 (HEAD -> master, origin/master)
Author: Raveena761 <55295440+Raveena761@users.noreply.github.com>
Date:   Thu Dec 2 11:13:51 2021 +0530

    Update abc.html

    random changes

commit f647a4880c01c44f1502fe356c64ca883388d064
Merge: 067161b d798b47
Author: Raveena Verma <Raveenaverma761@gmail.com>
Date:   Thu Dec 2 11:11:11 2021 +0530

    Resolved merge conflicts

commit d798b47e7b89335e4126fba84d33c6e4592c90ec
Author: Raveena761 <55295440+Raveena761@users.noreply.github.com>
Date:   Thu Dec 2 11:08:29 2021 +0530

    Update abc.html

    updated header 1

commit 067161b04eaace12c06c9db707deaae34ad81cb1
Author: Raveena Verma <Raveenaverma761@gmail.com>
Author: Raveena Verma <Raveenaverma761@gmail.com>

    Update abc.html

    updated header 1

commit 067161b04eaace12c06c9db707deaae34ad81cb1
Author: Raveena Verma <Raveenaverma761@gmail.com>
commit cece62bb58a95db99e0e947d980c193605e6be30 (HEAD -> master, origin/master)
Author: Raveena761 <55295440+Raveena761@users.noreply.github.com>
Date:   Thu Dec 2 11:13:51 2021 +0530

    Update abc.html

    random changes

commit f647a4880c01c44f1502fe356c64ca883388d064
Merge: 067161b d798b47
Author: Raveena Verma <Raveenaverma761@gmail.com>
Date:   Thu Dec 2 11:11:11 2021 +0530

    Resolved merge conflicts

commit d798b47e7b89335e4126fba84d33c6e4592c90ec
Author: Raveena761 <55295440+Raveena761@users.noreply.github.com>
Date:   Thu Dec 2 11:08:29 2021 +0530

    Update abc.html

    updated header 1

commit 067161b04eaace12c06c9db707deaae34ad81cb1
Author: Raveena Verma <Raveenaverma761@gmail.com>
commit cece62bb58a95db99e0e947d980c193605e6be30 (HEAD -> master, origin/master)
Author: Raveena761 <55295440+Raveena761@users.noreply.github.com>
Date:   Thu Dec 2 11:13:51 2021 +0530

    Update abc.html

    random changes

commit f647a4880c01c44f1502fe356c64ca883388d064
Merge: 067161b d798b47
Author: Raveena Verma <Raveenaverma761@gmail.com>
Date:   Thu Dec 2 11:11:11 2021 +0530

    Resolved merge conflicts

commit d798b47e7b89335e4126fba84d33c6e4592c90ec
Author: Raveena761 <55295440+Raveena761@users.noreply.github.com>
Date:   Thu Dec 2 11:08:29 2021 +0530

    Update abc.html

    updated header 1

commit 067161b04eaace12c06c9db707deaae34ad81cb1
Author: Raveena Verma <Raveenaverma761@gmail.com>
Date:   Thu Dec 2 11:07:31 2021 +0530

    Added commands text and updated text

:...skipping...
commit cece62bb58a95db99e0e947d980c193605e6be30 (HEAD -> master, origin/master)
Author: Raveena761 <55295440+Raveena761@users.noreply.github.com>
Date:   Thu Dec 2 11:13:51 2021 +0530

    Update abc.html
commit cece62bb58a95db99e0e947d980c193605e6be30 (HEAD -> master, origin/master)
Author: Raveena761 <55295440+Raveena761@users.noreply.github.com>
Date:   Thu Dec 2 11:13:51 2021 +0530

    Update abc.html

    random changes

commit f647a4880c01c44f1502fe356c64ca883388d064
Merge: 067161b d798b47
Author: Raveena Verma <Raveenaverma761@gmail.com>
Date:   Thu Dec 2 11:11:11 2021 +0530

    Resolved merge conflicts

commit d798b47e7b89335e4126fba84d33c6e4592c90ec
Author: Raveena761 <55295440+Raveena761@users.noreply.github.com>
Date:   Thu Dec 2 11:08:29 2021 +0530

    Update abc.html

    updated header 1

commit 067161b04eaace12c06c9db707deaae34ad81cb1
Author: Raveena Verma <Raveenaverma761@gmail.com>

    random changes

commit f647a4880c01c44f1502fe356c64ca883388d064
Merge: 067161b d798b47
Author: Raveena Verma <Raveenaverma761@gmail.com>
Date:   Thu Dec 2 11:11:11 2021 +0530

    Resolved merge conflicts

commit d798b47e7b89335e4126fba84d33c6e4592c90ec
Author: Raveena761 <55295440+Raveena761@users.noreply.github.com>
Date:   Thu Dec 2 11:08:29 2021 +0530

    Update abc.html

    updated header 1

commit 067161b04eaace12c06c9db707deaae34ad81cb1
Author: Raveena Verma <Raveenaverma761@gmail.com>
Date:   Thu Dec 2 11:07:31 2021 +0530

    Added commands text and updated text

commit 87bd55b7e858f261dc4a29db61623792c23ffc29
Author: Raveena761 <55295440+Raveena761@users.noreply.github.com>
Date:   Thu Dec 2 11:02:31 2021 +0530

    Update abc.html

C:\Users\hp\Desktop\repos\firstgitrepo>git reset --hard d798b47e7b89335e4126fba84d33c6e4592c90ec
HEAD is now at d798b47 Update abc.html

C:\Users\hp\Desktop\repos\firstgitrepo>git push
To https://github.com/Raveena761/firstgitrepo.git
 ! [rejected]        master -> master (non-fast-forward)
error: failed to push some refs to 'https://github.com/Raveena761/firstgitrepo.git'
hint: Updates were rejected because the tip of your current branch is behind
hint: its remote counterpart. Integrate the remote changes (e.g.
hint: 'git pull ...') before pushing again.
hint: See the 'Note about fast-forwards' in 'git push --help' for details.

C:\Users\hp\Desktop\repos\firstgitrepo>git push -f
Total 0 (delta 0), reused 0 (delta 0), pack-reused 0
To https://github.com/Raveena761/firstgitrepo.git
 + cece62b...d798b47 master -> master (forced update)

C:\Users\hp\Desktop\repos\firstgitrepo>git log
commit d798b47e7b89335e4126fba84d33c6e4592c90ec (HEAD -> master, origin/master)
Author: Raveena761 <55295440+Raveena761@users.noreply.github.com>
Date:   Thu Dec 2 11:08:29 2021 +0530

    Update abc.html

    updated header 1

commit 87bd55b7e858f261dc4a29db61623792c23ffc29
Author: Raveena761 <55295440+Raveena761@users.noreply.github.com>
Date:   Thu Dec 2 11:02:31 2021 +0530

    Update abc.html

    Added the third quote

commit 1dacb370148e3b1d21d2b0171d9934d1013e0f27
Author: Raveena Verma <Raveenaverma761@gmail.com>
Date:   Thu Dec 2 10:58:32 2021 +0530

    Added second header

commit a1f4f29b21cacb9f86de0f510a61b3adb621c89a
Author: Raveena Verma <Raveenaverma761@gmail.com>
Date:   Thu Dec 2 01:06:15 2021 +0530

    completed first file

commit d84b9251363a428022b2a9938361de7e3cd8dd70
Author: Raveena Verma <Raveenaverma761@gmail.com>
Date:   Thu Dec 2 00:58:31 2021 +0530

    initial version
	
	
C:\Users\hp\Desktop\repos\firstgitrepo>git add .

C:\Users\hp\Desktop\repos\firstgitrepo>git commit
On branch master
Your branch is ahead of 'origin/master' by 2 commits.
  (use "git push" to publish your local commits)

nothing to commit, working tree clean

C:\Users\hp\Desktop\repos\firstgitrepo>git push - u origin master
error: src refspec u does not match any
error: src refspec origin does not match any
error: failed to push some refs to '-'

C:\Users\hp\Desktop\repos\firstgitrepo>git push -u origin master
Enumerating objects: 7, done.
                                                                                                                                                                                                                                                                                                                                                                                                                                                                                                                                                                                                                                                                                                                                                                                                                                                                                                                                                                                                                                                                                                                                                                                                                                                                                                                                                                                                                                                                                                                                                                                                                                                                                                                                                                                                                                                                                                                                                                                                                                                                                                                                                                                                                                                                                                                                                                                                                                                                                                                                                                                                                        Revert "Adding git commands text file"                                                                                                                                                                                                          This reverts commit af9ebcea5cf2e2990bce748f7d94071c8ec19ef2.                                                                                                                                                                                   # Please enter the commit message for your changes. Lines starting
# with '#' will be ignored, and an empty message aborts the commit.
#
# On branch master
                                                                                                                                                                                                                                                                                                                                                                                                                                                                                                                                                                                                                                                                           error: There was a problem with the editor 'vi'.
Please supply the message using either -m or -F option.

C:\Users\hp\Desktop\repos\firstgitrepo>:q
C:\Users\hp\Desktop\repos\firstgitrepo>git status
On branch master
Your branch is ahead of 'origin/master' by 1 commit.
  (use "git push" to publish your local commits)

Changes to be committed:
  (use "git restore --staged <file>..." to unstage)
        new file:   git commands.txt


C:\Users\hp\Desktop\repos\firstgitrepo>git push
Enumerating objects: 3, done.
Counting objects: 100% (3/3), done.
Delta compression using up to 4 threads
Compressing objects: 100% (1/1), done.
Writing objects: 100% (2/2), 274 bytes | 274.00 KiB/s, done.
Total 2 (delta 0), reused 0 (delta 0), pack-reused 0
To https://github.com/Raveena761/firstgitrepo.git
   af9ebce..65b3712  master -> master

C:\Users\hp\Desktop\repos\firstgitrepo>git revert head
error: your local changes would be overwritten by revert.firstgitrepo/.git/.COMMIT_EDITMSG.swp"
hint: commit your changes or stash them to proceed. 2021
fatal: revert failed~hp/Desktop/repos/firstgitrepo/.git/COMMIT_EDITMSG
          modified: YES
C:\Users\hp\Desktop\repos\firstgitrepo>K

